[   79175ms] [INFO] %cDownload the React DevTools for a better development experience: https://react.dev/link/react-devtools font-weight:bold @ webpack-internal:///(app-pages-browser)/./node_modules/next/dist/next-devtools/shared/forward-logs-shared.js:27
[   79354ms] [LOG] [HMR] connected @ webpack-internal:///(app-pages-browser)/./node_modules/next/dist/next-devtools/shared/forward-logs-shared.js:27
[   79566ms] [LOG] %c[Vercel Web Analytics]%c Debug mode is enabled by default in development. No requests will be sent to the server. color: rgb(120, 120, 120) color: inherit @ webpack-internal:///(app-pages-browser)/./node_modules/next/dist/next-devtools/shared/forward-logs-shared.js:27
[   79568ms] [LOG] %c[Vercel Web Analytics]%c Running queued event color: rgb(120, 120, 120) color: inherit pageview {route: /dashboard/templates, path: /dashboard/templates} @ webpack-internal:///(app-pages-browser)/./node_modules/next/dist/next-devtools/shared/forward-logs-shared.js:27
[   79570ms] [LOG] %c[Vercel Web Analytics]%c [view] http://localhost:3000/dashboard/templates color: rgb(120, 120, 120) color: inherit {o: http://localhost:3000/dashboard/templates, sv: 0.1.3, sdkn: @vercel/analytics/next, sdkv: 2.0.1, ts: 1779375599074} /_vercel/insights/view @ webpack-internal:///(app-pages-browser)/./node_modules/next/dist/next-devtools/shared/forward-logs-shared.js:27
[   80115ms] [LOG] %c[Vercel Web Analytics]%c [view] http://localhost:3000/ color: rgb(120, 120, 120) color: inherit {o: http://localhost:3000/, sv: 0.1.3, sdkn: @vercel/analytics/next, sdkv: 2.0.1, ts: 1779375599575} /_vercel/insights/view @ webpack-internal:///(app-pages-browser)/./node_modules/next/dist/next-devtools/shared/forward-logs-shared.js:27
[   80122ms] [VERBOSE] [DOM] Password field is not contained in a form: (More info: https://goo.gl/9p2vKq) %o @ http://localhost:3000/:0
[  102608ms] [INFO] %cDownload the React DevTools for a better development experience: https://react.dev/link/react-devtools font-weight:bold @ webpack-internal:///(app-pages-browser)/./node_modules/next/dist/next-devtools/shared/forward-logs-shared.js:27
[  102678ms] [LOG] [HMR] connected @ webpack-internal:///(app-pages-browser)/./node_modules/next/dist/next-devtools/shared/forward-logs-shared.js:27
[  102772ms] [LOG] %c[Vercel Web Analytics]%c Debug mode is enabled by default in development. No requests will be sent to the server. color: rgb(120, 120, 120) color: inherit @ webpack-internal:///(app-pages-browser)/./node_modules/next/dist/next-devtools/shared/forward-logs-shared.js:27
[  102772ms] [LOG] %c[Vercel Web Analytics]%c Running queued event color: rgb(120, 120, 120) color: inherit pageview {route: /dashboard/templates, path: /dashboard/templates} @ webpack-internal:///(app-pages-browser)/./node_modules/next/dist/next-devtools/shared/forward-logs-shared.js:27
[  102773ms] [LOG] %c[Vercel Web Analytics]%c [view] http://localhost:3000/dashboard/templates color: rgb(120, 120, 120) color: inherit {o: http://localhost:3000/dashboard/templates, sv: 0.1.3, sdkn: @vercel/analytics/next, sdkv: 2.0.1, ts: 1779375622277} /_vercel/insights/view @ webpack-internal:///(app-pages-browser)/./node_modules/next/dist/next-devtools/shared/forward-logs-shared.js:27
[  103117ms] [LOG] %c[Vercel Web Analytics]%c [view] http://localhost:3000/ color: rgb(120, 120, 120) color: inherit {o: http://localhost:3000/, sv: 0.1.3, sdkn: @vercel/analytics/next, sdkv: 2.0.1, ts: 1779375622580} /_vercel/insights/view @ webpack-internal:///(app-pages-browser)/./node_modules/next/dist/next-devtools/shared/forward-logs-shared.js:27
[  103211ms] [VERBOSE] [DOM] Password field is not contained in a form: (More info: https://goo.gl/9p2vKq) %o @ http://localhost:3000/:0
[  106230ms] [WARNING] The resource http://localhost:3000/_next/static/css/app/page.css?v=1779375622286 was preloaded using link preload but not used within a few seconds from the window's load event. Please make sure it has an appropriate `as` value and it is preloaded intentionally. @ http://localhost:3000/:0
[  118772ms] [LOG] [Fast Refresh] rebuilding @ webpack-internal:///(app-pages-browser)/./node_modules/next/dist/next-devtools/shared/forward-logs-shared.js:27
[  121659ms] [LOG] [Fast Refresh] done in 2890ms @ webpack-internal:///(app-pages-browser)/./node_modules/next/dist/next-devtools/shared/forward-logs-shared.js:27
[  122475ms] [LOG] [Fast Refresh] rebuilding @ webpack-internal:///(app-pages-browser)/./node_modules/next/dist/next-devtools/shared/forward-logs-shared.js:27
[  123606ms] [LOG] [Fast Refresh] done in 1131ms @ webpack-internal:///(app-pages-browser)/./node_modules/next/dist/next-devtools/shared/forward-logs-shared.js:27
[  126611ms] [WARNING] The resource http://localhost:3000/_next/static/css/app/page.css?v=1779375622286 was preloaded using link preload but not used within a few seconds from the window's load event. Please make sure it has an appropriate `as` value and it is preloaded intentionally. @ http://localhost:3000/:0
[  146114ms] [ERROR] Failed to load resource: the server responded with a status of 400 () @ https://mmjbxswehbsidreoycme.supabase.co/rest/v1/profiles?on_conflict=user_id:0
[  146115ms] [ERROR] Failed to load resource: the server responded with a status of 400 () @ https://mmjbxswehbsidreoycme.supabase.co/rest/v1/user_settings?on_conflict=user_id:0
[  147177ms] [ERROR] Failed to load resource: the server responded with a status of 400 () @ https://mmjbxswehbsidreoycme.supabase.co/rest/v1/profiles?select=onboarding_completed%2Cbusiness_name%2Caddress%2Cphone%2Cemail&user_id=eq.user-e2e-001:0
[  148327ms] [LOG] [Fast Refresh] rebuilding @ webpack-internal:///(app-pages-browser)/./node_modules/next/dist/next-devtools/shared/forward-logs-shared.js:27
[  149571ms] [LOG] [Fast Refresh] done in 1244ms @ webpack-internal:///(app-pages-browser)/./node_modules/next/dist/next-devtools/shared/forward-logs-shared.js:27
[  149605ms] [LOG] %c[Vercel Web Analytics]%c [view] http://localhost:3000/setup/profile?businessName=&email=indiangamertv99%40gmail.com color: rgb(120, 120, 120) color: inherit {o: http://localhost:3000/setup/profile?businessName=&email=indiangamertv99%40gmail.com, sv: 0.1.3, sdkn: @vercel/analytics/next, sdkv: 2.0.1, ts: 1779375669108} /_vercel/insights/view @ webpack-internal:///(app-pages-browser)/./node_modules/next/dist/next-devtools/shared/forward-logs-shared.js:27
[  152699ms] [WARNING] The resource http://localhost:3000/_next/static/css/app/page.css?v=1779375622286 was preloaded using link preload but not used within a few seconds from the window's load event. Please make sure it has an appropriate `as` value and it is preloaded intentionally. @ http://localhost:3000/setup/profile?businessName=&email=indiangamertv99%40gmail.com:0
[  165183ms] [LOG] [Fast Refresh] rebuilding @ webpack-internal:///(app-pages-browser)/./node_modules/next/dist/next-devtools/shared/forward-logs-shared.js:27
[  166125ms] [LOG] [Fast Refresh] done in 942ms @ webpack-internal:///(app-pages-browser)/./node_modules/next/dist/next-devtools/shared/forward-logs-shared.js:27
[  166242ms] [LOG] %c[Vercel Web Analytics]%c [view] http://localhost:3000/setup/profile/contact color: rgb(120, 120, 120) color: inherit {o: http://localhost:3000/setup/profile/contact, sv: 0.1.3, sdkn: @vercel/analytics/next, sdkv: 2.0.1, ts: 1779375685745} /_vercel/insights/view @ webpack-internal:///(app-pages-browser)/./node_modules/next/dist/next-devtools/shared/forward-logs-shared.js:27
[  169259ms] [WARNING] The resource http://localhost:3000/_next/static/css/app/page.css?v=1779375622286 was preloaded using link preload but not used within a few seconds from the window's load event. Please make sure it has an appropriate `as` value and it is preloaded intentionally. @ http://localhost:3000/setup/profile/contact:0
[  187870ms] [LOG] [Fast Refresh] rebuilding @ webpack-internal:///(app-pages-browser)/./node_modules/next/dist/next-devtools/shared/forward-logs-shared.js:27
[  188532ms] [LOG] [Fast Refresh] done in 661ms @ webpack-internal:///(app-pages-browser)/./node_modules/next/dist/next-devtools/shared/forward-logs-shared.js:27
[  188634ms] [LOG] %c[Vercel Web Analytics]%c [view] http://localhost:3000/setup/profile/bank color: rgb(120, 120, 120) color: inherit {o: http://localhost:3000/setup/profile/bank, sv: 0.1.3, sdkn: @vercel/analytics/next, sdkv: 2.0.1, ts: 1779375708137} /_vercel/insights/view @ webpack-internal:///(app-pages-browser)/./node_modules/next/dist/next-devtools/shared/forward-logs-shared.js:27
[  191660ms] [WARNING] The resource http://localhost:3000/_next/static/css/app/page.css?v=1779375622286 was preloaded using link preload but not used within a few seconds from the window's load event. Please make sure it has an appropriate `as` value and it is preloaded intentionally. @ http://localhost:3000/setup/profile/bank:0
[  211873ms] [LOG] [Fast Refresh] rebuilding @ webpack-internal:///(app-pages-browser)/./node_modules/next/dist/next-devtools/shared/forward-logs-shared.js:27
[  212650ms] [LOG] [Fast Refresh] done in 777ms @ webpack-internal:///(app-pages-browser)/./node_modules/next/dist/next-devtools/shared/forward-logs-shared.js:27
[  212765ms] [LOG] %c[Vercel Web Analytics]%c [view] http://localhost:3000/setup/profile/terms color: rgb(120, 120, 120) color: inherit {o: http://localhost:3000/setup/profile/terms, sv: 0.1.3, sdkn: @vercel/analytics/next, sdkv: 2.0.1, ts: 1779375732269} /_vercel/insights/view @ webpack-internal:///(app-pages-browser)/./node_modules/next/dist/next-devtools/shared/forward-logs-shared.js:27
[  215797ms] [WARNING] The resource http://localhost:3000/_next/static/css/app/page.css?v=1779375622286 was preloaded using link preload but not used within a few seconds from the window's load event. Please make sure it has an appropriate `as` value and it is preloaded intentionally. @ http://localhost:3000/setup/profile/terms:0
[  221405ms] [LOG] [Fast Refresh] rebuilding @ webpack-internal:///(app-pages-browser)/./node_modules/next/dist/next-devtools/shared/forward-logs-shared.js:27
[  222126ms] [LOG] [Fast Refresh] done in 722ms @ webpack-internal:///(app-pages-browser)/./node_modules/next/dist/next-devtools/shared/forward-logs-shared.js:27
[  222311ms] [LOG] %c[Vercel Web Analytics]%c [view] http://localhost:3000/setup/profile/logo color: rgb(120, 120, 120) color: inherit {o: http://localhost:3000/setup/profile/logo, sv: 0.1.3, sdkn: @vercel/analytics/next, sdkv: 2.0.1, ts: 1779375741814} /_vercel/insights/view @ webpack-internal:///(app-pages-browser)/./node_modules/next/dist/next-devtools/shared/forward-logs-shared.js:27
[  225392ms] [WARNING] The resource http://localhost:3000/_next/static/css/app/page.css?v=1779375622286 was preloaded using link preload but not used within a few seconds from the window's load event. Please make sure it has an appropriate `as` value and it is preloaded intentionally. @ http://localhost:3000/setup/profile/logo:0
[  239049ms] [LOG] [Fast Refresh] rebuilding @ webpack-internal:///(app-pages-browser)/./node_modules/next/dist/next-devtools/shared/forward-logs-shared.js:27
[  239942ms] [LOG] [Fast Refresh] done in 892ms @ webpack-internal:///(app-pages-browser)/./node_modules/next/dist/next-devtools/shared/forward-logs-shared.js:27
[  240106ms] [LOG] %c[Vercel Web Analytics]%c [view] http://localhost:3000/setup/profile/settings color: rgb(120, 120, 120) color: inherit {o: http://localhost:3000/setup/profile/settings, sv: 0.1.3, sdkn: @vercel/analytics/next, sdkv: 2.0.1, ts: 1779375759603} /_vercel/insights/view @ webpack-internal:///(app-pages-browser)/./node_modules/next/dist/next-devtools/shared/forward-logs-shared.js:27
[  243137ms] [WARNING] The resource http://localhost:3000/_next/static/css/app/page.css?v=1779375622286 was preloaded using link preload but not used within a few seconds from the window's load event. Please make sure it has an appropriate `as` value and it is preloaded intentionally. @ http://localhost:3000/setup/profile/settings:0
[  252330ms] [WARNING] Skipping KV flush after auth drift {key: businessProfile, activeUserId: 4290a7ad-383d-44fe-b140-917ae8056c9c, actualUserId: user-e2e-001} @ webpack-internal:///(app-pages-browser)/./node_modules/next/dist/next-devtools/shared/forward-logs-shared.js:27
[  252909ms] [WARNING] Skipping KV delete after auth drift {key: dateFormat, capturedUserId: 4290a7ad-383d-44fe-b140-917ae8056c9c, actualUserId: user-e2e-001} @ webpack-internal:///(app-pages-browser)/./node_modules/next/dist/next-devtools/shared/forward-logs-shared.js:27
[  252909ms] [WARNING] Skipping KV delete after auth drift {key: amountFormat, capturedUserId: 4290a7ad-383d-44fe-b140-917ae8056c9c, actualUserId: user-e2e-001} @ webpack-internal:///(app-pages-browser)/./node_modules/next/dist/next-devtools/shared/forward-logs-shared.js:27
[  252909ms] [WARNING] Skipping KV delete after auth drift {key: showDecimals, capturedUserId: 4290a7ad-383d-44fe-b140-917ae8056c9c, actualUserId: user-e2e-001} @ webpack-internal:///(app-pages-browser)/./node_modules/next/dist/next-devtools/shared/forward-logs-shared.js:27
[  252909ms] [WARNING] Skipping KV delete after auth drift {key: invoicePrefix, capturedUserId: 4290a7ad-383d-44fe-b140-917ae8056c9c, actualUserId: user-e2e-001} @ webpack-internal:///(app-pages-browser)/./node_modules/next/dist/next-devtools/shared/forward-logs-shared.js:27
[  252909ms] [WARNING] Skipping KV delete after auth drift {key: invoicePadding, capturedUserId: 4290a7ad-383d-44fe-b140-917ae8056c9c, actualUserId: user-e2e-001} @ webpack-internal:///(app-pages-browser)/./node_modules/next/dist/next-devtools/shared/forward-logs-shared.js:27
[  252909ms] [WARNING] Skipping KV delete after auth drift {key: invoiceStartNumber, capturedUserId: 4290a7ad-383d-44fe-b140-917ae8056c9c, actualUserId: user-e2e-001} @ webpack-internal:///(app-pages-browser)/./node_modules/next/dist/next-devtools/shared/forward-logs-shared.js:27
[  252909ms] [WARNING] Skipping KV delete after auth drift {key: resetYearly, capturedUserId: 4290a7ad-383d-44fe-b140-917ae8056c9c, actualUserId: user-e2e-001} @ webpack-internal:///(app-pages-browser)/./node_modules/next/dist/next-devtools/shared/forward-logs-shared.js:27
[  252910ms] [WARNING] Skipping KV delete after auth drift {key: invoiceResetMonthDay, capturedUserId: 4290a7ad-383d-44fe-b140-917ae8056c9c, actualUserId: user-e2e-001} @ webpack-internal:///(app-pages-browser)/./node_modules/next/dist/next-devtools/shared/forward-logs-shared.js:27
[  252910ms] [WARNING] Skipping KV delete after auth drift {key: currencySymbol, capturedUserId: 4290a7ad-383d-44fe-b140-917ae8056c9c, actualUserId: user-e2e-001} @ webpack-internal:///(app-pages-browser)/./node_modules/next/dist/next-devtools/shared/forward-logs-shared.js:27
[  252910ms] [WARNING] Skipping KV delete after auth drift {key: currencyPosition, capturedUserId: 4290a7ad-383d-44fe-b140-917ae8056c9c, actualUserId: user-e2e-001} @ webpack-internal:///(app-pages-browser)/./node_modules/next/dist/next-devtools/shared/forward-logs-shared.js:27
[  252926ms] [WARNING] Skipping KV push after auth drift {key: accountSetupBundle, capturedUserId: 4290a7ad-383d-44fe-b140-917ae8056c9c, actualUserId: user-e2e-001} @ webpack-internal:///(app-pages-browser)/./node_modules/next/dist/next-devtools/shared/forward-logs-shared.js:27
[  252926ms] [WARNING] Skipping KV delete after auth drift {key: businessProfile, capturedUserId: 4290a7ad-383d-44fe-b140-917ae8056c9c, actualUserId: user-e2e-001} @ webpack-internal:///(app-pages-browser)/./node_modules/next/dist/next-devtools/shared/forward-logs-shared.js:27
[  253611ms] [LOG] [Fast Refresh] rebuilding @ webpack-internal:///(app-pages-browser)/./node_modules/next/dist/next-devtools/shared/forward-logs-shared.js:27
[  254349ms] [LOG] [Fast Refresh] done in 739ms @ webpack-internal:///(app-pages-browser)/./node_modules/next/dist/next-devtools/shared/forward-logs-shared.js:27
[  254446ms] [LOG] %c[Vercel Web Analytics]%c [view] http://localhost:3000/setup/profile/finalizing color: rgb(120, 120, 120) color: inherit {o: http://localhost:3000/setup/profile/finalizing, sv: 0.1.3, sdkn: @vercel/analytics/next, sdkv: 2.0.1, ts: 1779375773950} /_vercel/insights/view @ webpack-internal:///(app-pages-browser)/./node_modules/next/dist/next-devtools/shared/forward-logs-shared.js:27
[  254458ms] [WARNING] Skipping KV flush after auth drift {key: accountSetupBundle, activeUserId: 4290a7ad-383d-44fe-b140-917ae8056c9c, actualUserId: user-e2e-001} @ webpack-internal:///(app-pages-browser)/./node_modules/next/dist/next-devtools/shared/forward-logs-shared.js:27
[  254458ms] [WARNING] Skipping KV flush after auth drift {key: businessProfile, activeUserId: 4290a7ad-383d-44fe-b140-917ae8056c9c, actualUserId: user-e2e-001} @ webpack-internal:///(app-pages-browser)/./node_modules/next/dist/next-devtools/shared/forward-logs-shared.js:27
[  254458ms] [WARNING] Skipping KV flush after auth drift {key: accountSetupBundle, activeUserId: 4290a7ad-383d-44fe-b140-917ae8056c9c, actualUserId: user-e2e-001} @ webpack-internal:///(app-pages-browser)/./node_modules/next/dist/next-devtools/shared/forward-logs-shared.js:27
[  254458ms] [WARNING] Skipping KV flush after auth drift {key: businessProfile, activeUserId: 4290a7ad-383d-44fe-b140-917ae8056c9c, actualUserId: user-e2e-001} @ webpack-internal:///(app-pages-browser)/./node_modules/next/dist/next-devtools/shared/forward-logs-shared.js:27
[  257266ms] [LOG] [Fast Refresh] rebuilding @ webpack-internal:///(app-pages-browser)/./node_modules/next/dist/next-devtools/shared/forward-logs-shared.js:27
[  258531ms] [LOG] [Fast Refresh] done in 1264ms @ webpack-internal:///(app-pages-browser)/./node_modules/next/dist/next-devtools/shared/forward-logs-shared.js:27
[  258689ms] [LOG] %c[Vercel Web Analytics]%c [view] http://localhost:3000/dashboard color: rgb(120, 120, 120) color: inherit {o: http://localhost:3000/dashboard, sv: 0.1.3, sdkn: @vercel/analytics/next, sdkv: 2.0.1, ts: 1779375778192} /_vercel/insights/view @ webpack-internal:///(app-pages-browser)/./node_modules/next/dist/next-devtools/shared/forward-logs-shared.js:27
[  258989ms] [WARNING] The width(-1) and height(-1) of chart should be greater than 0,
       please check the style of container, or the props width(100%) and height(100%),
       or add a minWidth(0) or minHeight(undefined) or use aspect(undefined) to control the
       height and width. @ webpack-internal:///(app-pages-browser)/./node_modules/next/dist/next-devtools/shared/forward-logs-shared.js:27
[  258990ms] [WARNING] The width(-1) and height(-1) of chart should be greater than 0,
       please check the style of container, or the props width(100%) and height(100%),
       or add a minWidth(0) or minHeight(undefined) or use aspect(undefined) to control the
       height and width. @ webpack-internal:///(app-pages-browser)/./node_modules/next/dist/next-devtools/shared/forward-logs-shared.js:27
[  262134ms] [WARNING] The resource http://localhost:3000/_next/static/css/app/page.css?v=1779375622286 was preloaded using link preload but not used within a few seconds from the window's load event. Please make sure it has an appropriate `as` value and it is preloaded intentionally. @ http://localhost:3000/dashboard:0
[  337311ms] [WARNING] The resource http://localhost:3000/_next/static/css/app/page.css?v=1779375622286 was preloaded using link preload but not used within a few seconds from the window's load event. Please make sure it has an appropriate `as` value and it is preloaded intentionally. @ http://localhost:3000/dashboard:0
[  340466ms] [INFO] %cDownload the React DevTools for a better development experience: https://react.dev/link/react-devtools font-weight:bold @ webpack-internal:///(app-pages-browser)/./node_modules/next/dist/next-devtools/shared/forward-logs-shared.js:27
[  340848ms] [LOG] [HMR] connected @ webpack-internal:///(app-pages-browser)/./node_modules/next/dist/next-devtools/shared/forward-logs-shared.js:27
[  341525ms] [LOG] %c[Vercel Web Analytics]%c Debug mode is enabled by default in development. No requests will be sent to the server. color: rgb(120, 120, 120) color: inherit @ webpack-internal:///(app-pages-browser)/./node_modules/next/dist/next-devtools/shared/forward-logs-shared.js:27
[  341525ms] [LOG] %c[Vercel Web Analytics]%c Running queued event color: rgb(120, 120, 120) color: inherit pageview {route: /dashboard, path: /dashboard} @ webpack-internal:///(app-pages-browser)/./node_modules/next/dist/next-devtools/shared/forward-logs-shared.js:27
[  341526ms] [LOG] %c[Vercel Web Analytics]%c [view] http://localhost:3000/dashboard color: rgb(120, 120, 120) color: inherit {o: http://localhost:3000/dashboard, sv: 0.1.3, sdkn: @vercel/analytics/next, sdkv: 2.0.1, ts: 1779375861030} /_vercel/insights/view @ webpack-internal:///(app-pages-browser)/./node_modules/next/dist/next-devtools/shared/forward-logs-shared.js:27
[  342243ms] [LOG] [Fast Refresh] rebuilding @ webpack-internal:///(app-pages-browser)/./node_modules/next/dist/next-devtools/shared/forward-logs-shared.js:27
[  342991ms] [LOG] [Fast Refresh] done in 749ms @ webpack-internal:///(app-pages-browser)/./node_modules/next/dist/next-devtools/shared/forward-logs-shared.js:27
[  343133ms] [ERROR] Failed to load resource: the server responded with a status of 400 () @ https://mmjbxswehbsidreoycme.supabase.co/rest/v1/user_settings?select=user_id&user_id=eq.user-e2e-001:0
[  343135ms] [ERROR] Failed to load resource: the server responded with a status of 400 () @ https://mmjbxswehbsidreoycme.supabase.co/rest/v1/profiles?select=user_id&user_id=eq.user-e2e-001:0
[  343467ms] [ERROR] Failed to load resource: the server responded with a status of 400 () @ https://mmjbxswehbsidreoycme.supabase.co/rest/v1/profiles?on_conflict=user_id:0
[  343749ms] [ERROR] Failed to load resource: the server responded with a status of 400 () @ https://mmjbxswehbsidreoycme.supabase.co/rest/v1/user_settings?on_conflict=user_id:0
[  343950ms] [ERROR] Failed to load resource: the server responded with a status of 400 () @ https://mmjbxswehbsidreoycme.supabase.co/rest/v1/profiles?select=*&user_id=eq.user-e2e-001:0
[  343954ms] [ERROR] Failed to load resource: the server responded with a status of 400 () @ https://mmjbxswehbsidreoycme.supabase.co/rest/v1/customers?select=*&user_id=eq.user-e2e-001&order=created_at.asc:0
[  343987ms] [ERROR] Failed to load resource: the server responded with a status of 400 () @ https://mmjbxswehbsidreoycme.supabase.co/rest/v1/user_settings?select=*&user_id=eq.user-e2e-001:0
[  343988ms] [ERROR] Failed to load resource: the server responded with a status of 400 () @ https://mmjbxswehbsidreoycme.supabase.co/rest/v1/products?select=*&user_id=eq.user-e2e-001&order=created_at.asc:0
[  343989ms] [ERROR] Failed to load resource: the server responded with a status of 400 () @ https://mmjbxswehbsidreoycme.supabase.co/rest/v1/invoices?select=id%2Cuser_id%2Cinvoice_number%2Ccreated_at%2Cinvoice_date%2Cnumbering_mode_at_creation%2Creset_month_day_at_creation%2Csequence_window_start%2Csequence_window_end%2Cclient_name%2Cclient_phone%2Cclient_email%2Cclient_gst%2Cclient_address%2Ccustom_details%2Cnotes%2Cstatus%2Cgrand_total%2Cinvoice_items%28id%2Cinvoice_id%2Cposition%2Cproduct%2Chsn%2Cqty%2Cunit%2Cprice%2Ccgst%2Csgst%2Cigst%2Ctotal%29%2Cinvoice_history%28id%2Cinvoice_id%2Cevent_type%2Clabel%2Chappened_at%29&user_id=eq.user-e2e-001&order=invoice_date.desc:0
[  344046ms] [WARNING] The width(-1) and height(-1) of chart should be greater than 0,
       please check the style of container, or the props width(100%) and height(100%),
       or add a minWidth(0) or minHeight(undefined) or use aspect(undefined) to control the
       height and width. @ webpack-internal:///(app-pages-browser)/./node_modules/next/dist/next-devtools/shared/forward-logs-shared.js:27
[  344047ms] [WARNING] The width(-1) and height(-1) of chart should be greater than 0,
       please check the style of container, or the props width(100%) and height(100%),
       or add a minWidth(0) or minHeight(undefined) or use aspect(undefined) to control the
       height and width. @ webpack-internal:///(app-pages-browser)/./node_modules/next/dist/next-devtools/shared/forward-logs-shared.js:27
[  345342ms] [ERROR] Failed to load resource: the server responded with a status of 400 () @ https://mmjbxswehbsidreoycme.supabase.co/rest/v1/user_settings?on_conflict=user_id:0
[  345343ms] [ERROR] Failed to load resource: the server responded with a status of 400 () @ https://mmjbxswehbsidreoycme.supabase.co/rest/v1/user_settings?on_conflict=user_id:0
[  353638ms] [LOG] %c[Vercel Web Analytics]%c [view] http://localhost:3000/dashboard/settings color: rgb(120, 120, 120) color: inherit {o: http://localhost:3000/dashboard/settings, sv: 0.1.3, sdkn: @vercel/analytics/next, sdkv: 2.0.1, ts: 1779375873140} /_vercel/insights/view @ webpack-internal:///(app-pages-browser)/./node_modules/next/dist/next-devtools/shared/forward-logs-shared.js:27
